{
  "type": "minecraft:crafting_shaped",
  "pattern": [
    "XYZ",
    " # ",
    " # "
  ],
  "key": {
    "#": {
      "item": "minecraft:stick"
    },
    "X": {
      "item": "minecraft:golden_axe"
    },
    "Y": {
      "item": "minecraft:golden_shovel"
    },
    "Z": {
      "item": "minecraft:golden_pickaxe"
    }
  },
  "result": {
    "item": "modernsurvival:golden_multi_tools"
  }
}